
> qareeblak@0.1.0 build
> node --max-old-space-size=8192 ./node_modules/next/dist/bin/next build

   ▲ Next.js 15.5.12
   - Experiments (use with caution):
     · clientTraceMetadata
     · optimizePackageImports

   Creating an optimized production build ...
